================================================================================
PHASE 10: REPOSITORY-SCALE ENGINEERING INTELLIGENCE AND PROJECT EXECUTION
================================================================================

[Stage 1] Repository Knowledge Base Indexing and AST Invalidation
  - Indexed Repository: target_repo @ commit-alpha-100
  - Extracted Symbols: 10 AST symbol definitions across 4 files
    * CLASS: ApiRouter in src/api.py:2
    * METHOD: ApiRouter.__init__ in src/api.py:3
    * METHOD: ApiRouter.handle_request in src/api.py:5
    * CLASS: CoreService in src/service.py:2
    * METHOD: CoreService.__init__ in src/service.py:3
    * METHOD: CoreService.process_order in src/service.py:5
    * CLASS: StorageEngine in src/storage.py:1
    * METHOD: StorageEngine.read in src/storage.py:2
    * METHOD: StorageEngine.write in src/storage.py:4
    * FUNCTION: test_api_router in tests/test_api.py:2
  - Discovered Dependencies: 3 module dependency edges
  - Discovered Test Mappings: 1 source-test links
  - Knowledge Base Digest: 7eebc71c41453c0a... (canonical SHA-256)
  ✓ Incremental invalidation verified: modified 'src/storage.py' flagged affected modules: ['src/service.py', 'src/storage.py']
  ✓ Re-indexed graph: dirty count=0, fresh digest=7eebc71c41453c0a...

[Stage 2] Multi-Module Repository Investigation and Impact Analysis
  - Dependency Tracing for 'src/storage.py':
    * Upstream Imports: []
    * Downstream Dependents: ['src/service.py']
  - Change Impact Analysis:
    * Directly Affected Symbols: ['src/storage.py:StorageEngine', 'src/storage.py:StorageEngine.read', 'src/storage.py:StorageEngine.write']
    * Downstream Dependent Modules: ['src/service.py']
    * Associated Regression Test Targets: []
    * Risk Level Assessment: MEDIUM
  ✓ Multi-module investigation findings: 1 verified findings with source citations.
    * Finding [HIGH]: Contains 3 declared symbols; imported by 1 modules. (src/storage.py:1)

[Stage 3] Project Planning, Scope Non-Expansion, and Authorization Gate
  - Project ID: proj-p10-demo (version 1)
  - Objective: Upgrade storage durability and update service dispatch layer
  - Authorized Scope: src/
  - Work Order Count: 2
  - Dependency Edges: [('wo-p10-01', 'wo-p10-02')]
  - Human Authorization: True by human-lead@company.internal
  - Plan Integrity Digest: e4641a491a62c688...
  ✓ Tarjan DAG cycle detection verified: acyclic plan.
  ✓ Scope non-expansion verified: all target paths reside within project boundaries.

[Stage 4] Durable Cross-Session Project Context Manager (SQLite WAL)
  - Plan saved to SQLite WAL database: project_context.db
  - Checkpoint Restored: cp-demo-001
  - Completed Tasks: wo-p10-01
  - In-Flight Tasks: wo-p10-02
  ✓ Cross-session checkpoint recovery verified.

[Stage 5] Dependency-Aware Topological Project Execution
  - Execution Status: ACCEPTED
  - Terminal Disposition: PROJECT_ACCEPTED_PROVEN
  - Executed Work Orders: wo-p10-01, wo-p10-02
    * Deliverable wo-p10-01: digest 5acd877dc014b445...
    * Deliverable wo-p10-02: digest d75c546ed523c574...
  ✓ Topological dispatch and cascading failure containment verified.

[Stage 6] Cross-Task Integration in Isolated Workspace and Canonical State Assembly
  - Canonical Integrated Tree Hash: fdc266081d866902ff4ab2f894d8eac3deb9f33be5bc0e0b405b6abb90400d18
  - Unified Project Patch Digest: 24e33c4ce1994546a1224e3db4568587455848409664e33dce6113eea703bdfe
  - Total Modified Files: 2 (src/service.py, src/storage.py)
  - Applied Work Orders: wo-p10-01, wo-p10-02
  - Rollback Guide Header:
    # Deterministic Rollback Guide for Project proj-p10-demo
    patch -p1 -R < project_deliverable.patch
  ✓ Isolated assembly, git conflict detection, and deterministic rollback verified.

[Stage 7] Independent Project-Level Acceptance Validation
  - Validation Status: ACCEPTED
  - Acceptance Contract ID: contract-proj-proj-p10-demo
  - Integrated Tree Hash Verified: fdc266081d866902...
  - Prohibited AST Security Checks: 0 violations detected (no eval/exec/subprocess/os.system)
  - Syntax Validation: 100% clean AST parse across all modified Python files
  - Acceptance Verdict Hash: ec90cce4cc52e846... preserved in CAS store
  ✓ Independent project acceptance contract satisfied.

================================================================================
PHASE 10 DEMONSTRATION COMPLETE: ALL STAGES VERIFIED (4.36s)
FINAL DISPOSITION: PHASE_10_REPOSITORY_SCALE_ENGINEERING: PROVEN
================================================================================
