== 2026-10-08T06:42:46Z deploy flashnext-deep budget=4096
   gateway reports for candidate/flashnext-deep: {"budget": 4096, "mode": "on"}
== 2026-10-08T06:49:30Z run flashnext-deep-bounded-4096
flashnext-deep-bounded-4096 rep1 H01-semver-range         PASS attempts=1 wall=307.0s tokens=6605
flashnext-deep-bounded-4096 rep1 H02-cron-next            PASS attempts=3 wall=677.9s tokens=19679
flashnext-deep-bounded-4096 rep1 H03-json-patch           PASS attempts=1 wall=330.1s tokens=7127
flashnext-deep-bounded-4096 rep1 H04-build-order          PASS attempts=1 wall=256.3s tokens=5438
flashnext-deep-bounded-4096 rep1 H05-retry                PASS attempts=1 wall=245.9s tokens=5721
flashnext-deep-bounded-4096 rep1 H06-allocate             PASS attempts=1 wall=241.3s tokens=5152
flashnext-deep-bounded-4096 rep1 H07-sqlite-rebuild       FAIL attempts=3 wall=738.5s tokens=18005
flashnext-deep-bounded-4096 rep1 H08-glob                 PASS attempts=3 wall=888.5s tokens=23627
flashnext-deep-bounded-4096 rep1 H09-ledger-root-cause    PASS attempts=1 wall=271.5s tokens=6326
flashnext-deep-bounded-4096 rep1 H10-perf-report          PASS attempts=1 wall=250.2s tokens=5753
flashnext-deep-bounded-4096 rep2 H01-semver-range         PASS attempts=1 wall=306.3s tokens=6648
flashnext-deep-bounded-4096 rep2 H02-cron-next            PASS attempts=1 wall=288.3s tokens=6253
flashnext-deep-bounded-4096 rep2 H03-json-patch           PASS attempts=1 wall=337.8s tokens=7288
flashnext-deep-bounded-4096 rep2 H04-build-order          PASS attempts=1 wall=257.3s tokens=5460
flashnext-deep-bounded-4096 rep2 H05-retry                PASS attempts=1 wall=245.8s tokens=5727
flashnext-deep-bounded-4096 rep2 H06-allocate             PASS attempts=1 wall=241.1s tokens=5148
flashnext-deep-bounded-4096 rep2 H07-sqlite-rebuild       FAIL attempts=3 wall=695.7s tokens=16948
flashnext-deep-bounded-4096 rep2 H08-glob                 PASS attempts=1 wall=309.7s tokens=6741
flashnext-deep-bounded-4096 rep2 H09-ledger-root-cause    PASS attempts=1 wall=270.6s tokens=6320
flashnext-deep-bounded-4096 rep2 H10-perf-report          PASS attempts=1 wall=255.7s tokens=5870
flashnext-deep-bounded-4096 rep3 H01-semver-range         PASS attempts=2 wall=658.8s tokens=16160
flashnext-deep-bounded-4096 rep3 H02-cron-next            PASS attempts=2 wall=566.5s tokens=13801
flashnext-deep-bounded-4096 rep3 H03-json-patch           PASS attempts=2 wall=662.9s tokens=16303
flashnext-deep-bounded-4096 rep3 H04-build-order          PASS attempts=1 wall=256.3s tokens=5434
flashnext-deep-bounded-4096 rep3 H05-retry                PASS attempts=1 wall=249.5s tokens=5800
flashnext-deep-bounded-4096 rep3 H06-allocate             PASS attempts=1 wall=238.9s tokens=5112
flashnext-deep-bounded-4096 rep3 H07-sqlite-rebuild       FAIL attempts=3 wall=740.6s tokens=18303
flashnext-deep-bounded-4096 rep3 H08-glob                 PASS attempts=1 wall=300.7s tokens=6575
flashnext-deep-bounded-4096 rep3 H09-ledger-root-cause    PASS attempts=1 wall=271.8s tokens=6348
flashnext-deep-bounded-4096 rep3 H10-perf-report          PASS attempts=1 wall=243.1s tokens=5611
RESULT flashnext-deep-bounded-4096 {"reps": 3, "tasks": 10, "validated_rate": 90.0, "validated_per_rep": [9, 9, 9], "first_attempt_rate": 73.3, "median_secs_to_validated": 271.5, "mean_secs_per_task": 386.8, "mean_tokens_per_task": 9176, "per_task_pass": {"H01-semver-range": "3/3", "H02-cron-next": "3/3", "H03-json-patch": "3/3", "H04-build-order": "3/3", "H05-retry": "3/3", "H06-allocate": "3/3", "H07-sqlite-rebuild": "0/3", "H08-glob": "3/3", "H09-ledger-root-cause": "3/3", "H10-perf-report": "3/3"}, "always_fail": ["H07-sqlite-rebuild"], "flaky": []}
== 2026-10-08T10:03:39Z deploy flashnext-deep budget=2048
   gateway reports for candidate/flashnext-deep: {"budget": 2048, "mode": "on"}
== 2026-10-08T10:08:55Z run flashnext-deep-bounded-2048
flashnext-deep-bounded-2048 rep1 H01-semver-range         PASS attempts=1 wall=209.8s tokens=4773
flashnext-deep-bounded-2048 rep1 H02-cron-next            PASS attempts=2 wall=342.9s tokens=9522
flashnext-deep-bounded-2048 rep1 H03-json-patch           PASS attempts=2 wall=467.4s tokens=12978
flashnext-deep-bounded-2048 rep1 H04-build-order          PASS attempts=1 wall=146.0s tokens=3346
flashnext-deep-bounded-2048 rep1 H05-retry                PASS attempts=1 wall=138.6s tokens=3691
flashnext-deep-bounded-2048 rep1 H06-allocate             PASS attempts=1 wall=134.2s tokens=3111
flashnext-deep-bounded-2048 rep1 H07-sqlite-rebuild       FAIL attempts=3 wall=412.9s tokens=12090
flashnext-deep-bounded-2048 rep1 H08-glob                 PASS attempts=2 wall=390.9s tokens=10736
flashnext-deep-bounded-2048 rep1 H09-ledger-root-cause    PASS attempts=1 wall=169.6s tokens=4412
flashnext-deep-bounded-2048 rep1 H10-perf-report          PASS attempts=1 wall=134.0s tokens=3553
flashnext-deep-bounded-2048 rep2 H01-semver-range         PASS attempts=1 wall=177.7s tokens=4223
flashnext-deep-bounded-2048 rep2 H02-cron-next            PASS attempts=2 wall=350.7s tokens=9731
flashnext-deep-bounded-2048 rep2 H03-json-patch           FAIL attempts=3 wall=651.8s tokens=20883
flashnext-deep-bounded-2048 rep2 H04-build-order          PASS attempts=1 wall=144.9s tokens=3315
flashnext-deep-bounded-2048 rep2 H05-retry                PASS attempts=1 wall=138.3s tokens=3682
flashnext-deep-bounded-2048 rep2 H06-allocate             FAIL attempts=3 wall=404.5s tokens=11042
flashnext-deep-bounded-2048 rep2 H07-sqlite-rebuild       FAIL attempts=3 wall=423.8s tokens=12049
flashnext-deep-bounded-2048 rep2 H08-glob                 PASS attempts=2 wall=376.3s tokens=10314
flashnext-deep-bounded-2048 rep2 H09-ledger-root-cause    PASS attempts=1 wall=162.4s tokens=4274
flashnext-deep-bounded-2048 rep2 H10-perf-report          PASS attempts=1 wall=132.5s tokens=3522
flashnext-deep-bounded-2048 rep3 H01-semver-range         PASS attempts=1 wall=210.4s tokens=4851
flashnext-deep-bounded-2048 rep3 H02-cron-next            PASS attempts=3 wall=490.9s tokens=15378
flashnext-deep-bounded-2048 rep3 H03-json-patch           FAIL attempts=3 wall=648.3s tokens=20691
flashnext-deep-bounded-2048 rep3 H04-build-order          PASS attempts=1 wall=147.6s tokens=3366
flashnext-deep-bounded-2048 rep3 H05-retry                PASS attempts=1 wall=137.5s tokens=3669
flashnext-deep-bounded-2048 rep3 H06-allocate             PASS attempts=1 wall=134.1s tokens=3104
flashnext-deep-bounded-2048 rep3 H07-sqlite-rebuild       FAIL attempts=3 wall=410.0s tokens=11892
flashnext-deep-bounded-2048 rep3 H08-glob                 PASS attempts=1 wall=187.3s tokens=4425
flashnext-deep-bounded-2048 rep3 H09-ledger-root-cause    PASS attempts=1 wall=162.0s tokens=4275
flashnext-deep-bounded-2048 rep3 H10-perf-report          PASS attempts=1 wall=130.7s tokens=3500
RESULT flashnext-deep-bounded-2048 {"reps": 3, "tasks": 10, "validated_rate": 80.0, "validated_per_rep": [9, 7, 8], "first_attempt_rate": 60.0, "median_secs_to_validated": 162.2, "mean_secs_per_task": 272.3, "mean_tokens_per_task": 7547, "per_task_pass": {"H01-semver-range": "3/3", "H02-cron-next": "3/3", "H03-json-patch": "1/3", "H04-build-order": "3/3", "H05-retry": "3/3", "H06-allocate": "2/3", "H07-sqlite-rebuild": "0/3", "H08-glob": "3/3", "H09-ledger-root-cause": "3/3", "H10-perf-report": "3/3"}, "always_fail": ["H07-sqlite-rebuild"], "flaky": ["H03-json-patch", "H06-allocate"]}
== 2026-10-08T12:25:45Z deploy flashnext-deep budget=8192
   gateway reports for candidate/flashnext-deep: {"budget": 8192, "mode": "on"}
== 2026-10-08T12:30:58Z run flashnext-deep-bounded-8192
flashnext-deep-bounded-8192 rep1 H01-semver-range         PASS attempts=2 wall=1010.0s tokens=21778
flashnext-deep-bounded-8192 rep1 H02-cron-next            PASS attempts=1 wall=486.1s tokens=9910
flashnext-deep-bounded-8192 rep1 H03-json-patch           PASS attempts=1 wall=547.2s tokens=11113
flashnext-deep-bounded-8192 rep1 H04-build-order          PASS attempts=1 wall=476.7s tokens=9530
flashnext-deep-bounded-8192 rep1 H05-retry                PASS attempts=1 wall=466.3s tokens=9817
flashnext-deep-bounded-8192 rep1 H06-allocate             PASS attempts=1 wall=460.6s tokens=9253
flashnext-deep-bounded-8192 rep1 H07-sqlite-rebuild       FAIL attempts=3 wall=1398.7s tokens=30281
flashnext-deep-bounded-8192 rep1 H08-glob                 PASS attempts=1 wall=508.6s tokens=10390
flashnext-deep-bounded-8192 rep1 H09-ledger-root-cause    PASS attempts=1 wall=495.0s tokens=10463
flashnext-deep-bounded-8192 rep1 H10-perf-report          PASS attempts=1 wall=462.8s tokens=9691
flashnext-deep-bounded-8192 rep2 H01-semver-range         PASS attempts=2 wall=1028.8s tokens=22259
flashnext-deep-bounded-8192 rep2 H02-cron-next            PASS attempts=1 wall=512.4s tokens=10386
flashnext-deep-bounded-8192 rep2 H03-json-patch           PASS attempts=1 wall=546.5s tokens=11092
flashnext-deep-bounded-8192 rep2 H04-build-order          PASS attempts=2 wall=968.0s tokens=20136
flashnext-deep-bounded-8192 rep2 H05-retry                PASS attempts=1 wall=469.5s tokens=9864
flashnext-deep-bounded-8192 rep2 H06-allocate             PASS attempts=1 wall=463.7s tokens=9289
flashnext-deep-bounded-8192 rep2 H07-sqlite-rebuild       FAIL attempts=3 wall=1396.2s tokens=30297
flashnext-deep-bounded-8192 rep2 H08-glob                 PASS attempts=2 wall=1042.0s tokens=22579
flashnext-deep-bounded-8192 rep2 H09-ledger-root-cause    PASS attempts=1 wall=495.1s tokens=10456
flashnext-deep-bounded-8192 rep2 H10-perf-report          PASS attempts=1 wall=470.1s tokens=9819
flashnext-deep-bounded-8192 rep3 H01-semver-range         PASS attempts=1 wall=553.2s tokens=11179
flashnext-deep-bounded-8192 rep3 H02-cron-next            PASS attempts=1 wall=504.2s tokens=10251
flashnext-deep-bounded-8192 rep3 H03-json-patch           PASS attempts=1 wall=554.1s tokens=11237
flashnext-deep-bounded-8192 rep3 H04-build-order          PASS attempts=1 wall=473.5s tokens=9477
flashnext-deep-bounded-8192 rep3 H05-retry                PASS attempts=1 wall=466.4s tokens=9815
flashnext-deep-bounded-8192 rep3 H06-allocate             PASS attempts=1 wall=460.5s tokens=9247
flashnext-deep-bounded-8192 rep3 H07-sqlite-rebuild       FAIL attempts=3 wall=1400.6s tokens=30109
flashnext-deep-bounded-8192 rep3 H08-glob                 PASS attempts=3 wall=888.5s tokens=24493
flashnext-deep-bounded-8192 rep3 H09-ledger-root-cause    PASS attempts=1 wall=502.3s tokens=10578
flashnext-deep-bounded-8192 rep3 H10-perf-report          PASS attempts=1 wall=461.3s tokens=9668
RESULT flashnext-deep-bounded-8192 {"reps": 3, "tasks": 10, "validated_rate": 90.0, "validated_per_rep": [9, 9, 9], "first_attempt_rate": 73.3, "median_secs_to_validated": 495.1, "mean_secs_per_task": 665.6, "mean_tokens_per_task": 14149, "per_task_pass": {"H01-semver-range": "3/3", "H02-cron-next": "3/3", "H03-json-patch": "3/3", "H04-build-order": "3/3", "H05-retry": "3/3", "H06-allocate": "3/3", "H07-sqlite-rebuild": "0/3", "H08-glob": "3/3", "H09-ledger-root-cause": "3/3", "H10-perf-report": "3/3"}, "always_fail": ["H07-sqlite-rebuild"], "flaky": []}
== 2026-10-08T18:04:31Z done
