flashnext-deep-bounded-4096 rep1 H01-semver-range         PASS attempts=1 wall=307.0s tokens=6605
flashnext-deep-bounded-4096 rep1 H02-cron-next            PASS attempts=3 wall=677.9s tokens=19679
flashnext-deep-bounded-4096 rep1 H03-json-patch           PASS attempts=1 wall=330.1s tokens=7127
flashnext-deep-bounded-4096 rep1 H04-build-order          PASS attempts=1 wall=256.3s tokens=5438
flashnext-deep-bounded-4096 rep1 H05-retry                PASS attempts=1 wall=245.9s tokens=5721
flashnext-deep-bounded-4096 rep1 H06-allocate             PASS attempts=1 wall=241.3s tokens=5152
flashnext-deep-bounded-4096 rep1 H07-sqlite-rebuild       FAIL attempts=3 wall=738.5s tokens=18005
flashnext-deep-bounded-4096 rep1 H08-glob                 PASS attempts=3 wall=888.5s tokens=23627
flashnext-deep-bounded-4096 rep1 H09-ledger-root-cause    PASS attempts=1 wall=271.5s tokens=6326
flashnext-deep-bounded-4096 rep1 H10-perf-report          PASS attempts=1 wall=250.2s tokens=5753
flashnext-deep-bounded-4096 rep2 H01-semver-range         PASS attempts=1 wall=306.3s tokens=6648
flashnext-deep-bounded-4096 rep2 H02-cron-next            PASS attempts=1 wall=288.3s tokens=6253
flashnext-deep-bounded-4096 rep2 H03-json-patch           PASS attempts=1 wall=337.8s tokens=7288
flashnext-deep-bounded-4096 rep2 H04-build-order          PASS attempts=1 wall=257.3s tokens=5460
flashnext-deep-bounded-4096 rep2 H05-retry                PASS attempts=1 wall=245.8s tokens=5727
flashnext-deep-bounded-4096 rep2 H06-allocate             PASS attempts=1 wall=241.1s tokens=5148
flashnext-deep-bounded-4096 rep2 H07-sqlite-rebuild       FAIL attempts=3 wall=695.7s tokens=16948
flashnext-deep-bounded-4096 rep2 H08-glob                 PASS attempts=1 wall=309.7s tokens=6741
flashnext-deep-bounded-4096 rep2 H09-ledger-root-cause    PASS attempts=1 wall=270.6s tokens=6320
flashnext-deep-bounded-4096 rep2 H10-perf-report          PASS attempts=1 wall=255.7s tokens=5870
flashnext-deep-bounded-4096 rep3 H01-semver-range         PASS attempts=2 wall=658.8s tokens=16160
flashnext-deep-bounded-4096 rep3 H02-cron-next            PASS attempts=2 wall=566.5s tokens=13801
flashnext-deep-bounded-4096 rep3 H03-json-patch           PASS attempts=2 wall=662.9s tokens=16303
flashnext-deep-bounded-4096 rep3 H04-build-order          PASS attempts=1 wall=256.3s tokens=5434
flashnext-deep-bounded-4096 rep3 H05-retry                PASS attempts=1 wall=249.5s tokens=5800
flashnext-deep-bounded-4096 rep3 H06-allocate             PASS attempts=1 wall=238.9s tokens=5112
flashnext-deep-bounded-4096 rep3 H07-sqlite-rebuild       FAIL attempts=3 wall=740.6s tokens=18303
flashnext-deep-bounded-4096 rep3 H08-glob                 PASS attempts=1 wall=300.7s tokens=6575
flashnext-deep-bounded-4096 rep3 H09-ledger-root-cause    PASS attempts=1 wall=271.8s tokens=6348
flashnext-deep-bounded-4096 rep3 H10-perf-report          PASS attempts=1 wall=243.1s tokens=5611
RESULT flashnext-deep-bounded-4096 {"reps": 3, "tasks": 10, "validated_rate": 90.0, "validated_per_rep": [9, 9, 9], "first_attempt_rate": 73.3, "median_secs_to_validated": 271.5, "mean_secs_per_task": 386.8, "mean_tokens_per_task": 9176, "per_task_pass": {"H01-semver-range": "3/3", "H02-cron-next": "3/3", "H03-json-patch": "3/3", "H04-build-order": "3/3", "H05-retry": "3/3", "H06-allocate": "3/3", "H07-sqlite-rebuild": "0/3", "H08-glob": "3/3", "H09-ledger-root-cause": "3/3", "H10-perf-report": "3/3"}, "always_fail": ["H07-sqlite-rebuild"], "flaky": []}
