flashnext-deep-bounded-2048 rep1 H01-semver-range         PASS attempts=1 wall=209.8s tokens=4773
flashnext-deep-bounded-2048 rep1 H02-cron-next            PASS attempts=2 wall=342.9s tokens=9522
flashnext-deep-bounded-2048 rep1 H03-json-patch           PASS attempts=2 wall=467.4s tokens=12978
flashnext-deep-bounded-2048 rep1 H04-build-order          PASS attempts=1 wall=146.0s tokens=3346
flashnext-deep-bounded-2048 rep1 H05-retry                PASS attempts=1 wall=138.6s tokens=3691
flashnext-deep-bounded-2048 rep1 H06-allocate             PASS attempts=1 wall=134.2s tokens=3111
flashnext-deep-bounded-2048 rep1 H07-sqlite-rebuild       FAIL attempts=3 wall=412.9s tokens=12090
flashnext-deep-bounded-2048 rep1 H08-glob                 PASS attempts=2 wall=390.9s tokens=10736
flashnext-deep-bounded-2048 rep1 H09-ledger-root-cause    PASS attempts=1 wall=169.6s tokens=4412
flashnext-deep-bounded-2048 rep1 H10-perf-report          PASS attempts=1 wall=134.0s tokens=3553
flashnext-deep-bounded-2048 rep2 H01-semver-range         PASS attempts=1 wall=177.7s tokens=4223
flashnext-deep-bounded-2048 rep2 H02-cron-next            PASS attempts=2 wall=350.7s tokens=9731
flashnext-deep-bounded-2048 rep2 H03-json-patch           FAIL attempts=3 wall=651.8s tokens=20883
flashnext-deep-bounded-2048 rep2 H04-build-order          PASS attempts=1 wall=144.9s tokens=3315
flashnext-deep-bounded-2048 rep2 H05-retry                PASS attempts=1 wall=138.3s tokens=3682
flashnext-deep-bounded-2048 rep2 H06-allocate             FAIL attempts=3 wall=404.5s tokens=11042
flashnext-deep-bounded-2048 rep2 H07-sqlite-rebuild       FAIL attempts=3 wall=423.8s tokens=12049
flashnext-deep-bounded-2048 rep2 H08-glob                 PASS attempts=2 wall=376.3s tokens=10314
flashnext-deep-bounded-2048 rep2 H09-ledger-root-cause    PASS attempts=1 wall=162.4s tokens=4274
flashnext-deep-bounded-2048 rep2 H10-perf-report          PASS attempts=1 wall=132.5s tokens=3522
flashnext-deep-bounded-2048 rep3 H01-semver-range         PASS attempts=1 wall=210.4s tokens=4851
flashnext-deep-bounded-2048 rep3 H02-cron-next            PASS attempts=3 wall=490.9s tokens=15378
flashnext-deep-bounded-2048 rep3 H03-json-patch           FAIL attempts=3 wall=648.3s tokens=20691
flashnext-deep-bounded-2048 rep3 H04-build-order          PASS attempts=1 wall=147.6s tokens=3366
flashnext-deep-bounded-2048 rep3 H05-retry                PASS attempts=1 wall=137.5s tokens=3669
flashnext-deep-bounded-2048 rep3 H06-allocate             PASS attempts=1 wall=134.1s tokens=3104
flashnext-deep-bounded-2048 rep3 H07-sqlite-rebuild       FAIL attempts=3 wall=410.0s tokens=11892
flashnext-deep-bounded-2048 rep3 H08-glob                 PASS attempts=1 wall=187.3s tokens=4425
flashnext-deep-bounded-2048 rep3 H09-ledger-root-cause    PASS attempts=1 wall=162.0s tokens=4275
flashnext-deep-bounded-2048 rep3 H10-perf-report          PASS attempts=1 wall=130.7s tokens=3500
RESULT flashnext-deep-bounded-2048 {"reps": 3, "tasks": 10, "validated_rate": 80.0, "validated_per_rep": [9, 7, 8], "first_attempt_rate": 60.0, "median_secs_to_validated": 162.2, "mean_secs_per_task": 272.3, "mean_tokens_per_task": 7547, "per_task_pass": {"H01-semver-range": "3/3", "H02-cron-next": "3/3", "H03-json-patch": "1/3", "H04-build-order": "3/3", "H05-retry": "3/3", "H06-allocate": "2/3", "H07-sqlite-rebuild": "0/3", "H08-glob": "3/3", "H09-ledger-root-cause": "3/3", "H10-perf-report": "3/3"}, "always_fail": ["H07-sqlite-rebuild"], "flaky": ["H03-json-patch", "H06-allocate"]}
