flashnext-deep-bounded-8192 rep1 H01-semver-range         PASS attempts=2 wall=1010.0s tokens=21778
flashnext-deep-bounded-8192 rep1 H02-cron-next            PASS attempts=1 wall=486.1s tokens=9910
flashnext-deep-bounded-8192 rep1 H03-json-patch           PASS attempts=1 wall=547.2s tokens=11113
flashnext-deep-bounded-8192 rep1 H04-build-order          PASS attempts=1 wall=476.7s tokens=9530
flashnext-deep-bounded-8192 rep1 H05-retry                PASS attempts=1 wall=466.3s tokens=9817
flashnext-deep-bounded-8192 rep1 H06-allocate             PASS attempts=1 wall=460.6s tokens=9253
flashnext-deep-bounded-8192 rep1 H07-sqlite-rebuild       FAIL attempts=3 wall=1398.7s tokens=30281
flashnext-deep-bounded-8192 rep1 H08-glob                 PASS attempts=1 wall=508.6s tokens=10390
flashnext-deep-bounded-8192 rep1 H09-ledger-root-cause    PASS attempts=1 wall=495.0s tokens=10463
flashnext-deep-bounded-8192 rep1 H10-perf-report          PASS attempts=1 wall=462.8s tokens=9691
flashnext-deep-bounded-8192 rep2 H01-semver-range         PASS attempts=2 wall=1028.8s tokens=22259
flashnext-deep-bounded-8192 rep2 H02-cron-next            PASS attempts=1 wall=512.4s tokens=10386
flashnext-deep-bounded-8192 rep2 H03-json-patch           PASS attempts=1 wall=546.5s tokens=11092
flashnext-deep-bounded-8192 rep2 H04-build-order          PASS attempts=2 wall=968.0s tokens=20136
flashnext-deep-bounded-8192 rep2 H05-retry                PASS attempts=1 wall=469.5s tokens=9864
flashnext-deep-bounded-8192 rep2 H06-allocate             PASS attempts=1 wall=463.7s tokens=9289
flashnext-deep-bounded-8192 rep2 H07-sqlite-rebuild       FAIL attempts=3 wall=1396.2s tokens=30297
flashnext-deep-bounded-8192 rep2 H08-glob                 PASS attempts=2 wall=1042.0s tokens=22579
flashnext-deep-bounded-8192 rep2 H09-ledger-root-cause    PASS attempts=1 wall=495.1s tokens=10456
flashnext-deep-bounded-8192 rep2 H10-perf-report          PASS attempts=1 wall=470.1s tokens=9819
flashnext-deep-bounded-8192 rep3 H01-semver-range         PASS attempts=1 wall=553.2s tokens=11179
flashnext-deep-bounded-8192 rep3 H02-cron-next            PASS attempts=1 wall=504.2s tokens=10251
flashnext-deep-bounded-8192 rep3 H03-json-patch           PASS attempts=1 wall=554.1s tokens=11237
flashnext-deep-bounded-8192 rep3 H04-build-order          PASS attempts=1 wall=473.5s tokens=9477
flashnext-deep-bounded-8192 rep3 H05-retry                PASS attempts=1 wall=466.4s tokens=9815
flashnext-deep-bounded-8192 rep3 H06-allocate             PASS attempts=1 wall=460.5s tokens=9247
flashnext-deep-bounded-8192 rep3 H07-sqlite-rebuild       FAIL attempts=3 wall=1400.6s tokens=30109
flashnext-deep-bounded-8192 rep3 H08-glob                 PASS attempts=3 wall=888.5s tokens=24493
flashnext-deep-bounded-8192 rep3 H09-ledger-root-cause    PASS attempts=1 wall=502.3s tokens=10578
flashnext-deep-bounded-8192 rep3 H10-perf-report          PASS attempts=1 wall=461.3s tokens=9668
RESULT flashnext-deep-bounded-8192 {"reps": 3, "tasks": 10, "validated_rate": 90.0, "validated_per_rep": [9, 9, 9], "first_attempt_rate": 73.3, "median_secs_to_validated": 495.1, "mean_secs_per_task": 665.6, "mean_tokens_per_task": 14149, "per_task_pass": {"H01-semver-range": "3/3", "H02-cron-next": "3/3", "H03-json-patch": "3/3", "H04-build-order": "3/3", "H05-retry": "3/3", "H06-allocate": "3/3", "H07-sqlite-rebuild": "0/3", "H08-glob": "3/3", "H09-ledger-root-cause": "3/3", "H10-perf-report": "3/3"}, "always_fail": ["H07-sqlite-rebuild"], "flaky": []}
